ant -f D:\\JavaProj\\Project5 -Dnb.internal.action.name=run run
init:
Deleting: D:\JavaProj\Project5\build\built-jar.properties
deps-jar:
Updating property file: D:\JavaProj\Project5\build\built-jar.properties
Compiling 1 source file to D:\JavaProj\Project5\build\classes
compile:
run:
Parsing d:\CodeGenBASIC.txt
0001 {This file includes the basic WRITELN and EXPRESSION tests.
d:\CodeGenBASIC
0002 }
0003 module CodegenBASIC;
0004 begin
0005 writeln("BASIC TEST File");
0006
0007 WRITELN("String printout:  Hello World");
0008
0009 a := 2;
0010 b := 3;
0011 a := a *(3+b)+ a + 2*b/2 - 1;  {The result: 16}
0012 writeln("a is now ");
0013 writeln(a);
0014 writeln("All done.")
0015 end.
Success.
BASIC TEST File
String printout:  Hello World
a is now
16
All done.
Execution terminated by program STOP.
Done.
BUILD SUCCESSFUL (total time: 1 second)