6|0|0|3|
6|0|0|4|
5|6|0|5|
5|8|0|7|
4|8|7|9|
2|5|9|10|
4|10|5|11|
2|6|7|12|
1|12|6|13|
4|11|13|14|
3|14|1|15|
5|15|0|5|
6|0|0|16|
6|0|0|5|
6|0|0|17|
7|0|0|5|
6|0|0|18|
6|0|0|5|
6|0|0|19|
0|0|0|0|