
0: 16|3|0|0|
1: 16|4|0|0|
2: 5|6|0|5|
3: 5|8|0|7|
4: 4|8|7|9|
5: 2|5|9|10|
6: 4|10|5|11|
7: 2|6|7|12|
8: 1|12|6|13|
9: 4|11|13|14|
10: 3|14|1|15|
11: 5|15|0|5|
12: 16|16|0|0|
13: 16|5|0|0|
14: 16|17|0|0|
15: 0|0|0|0|0: 16|3|0|0|
1: 16|4|0|0|
2: 5|6|0|5|
3: 5|8|0|7|
4: 4|8|7|9|
5: 2|5|9|10|
6: 4|10|5|11|
7: 2|6|7|12|
8: 1|12|6|13|
9: 4|11|13|14|
10: 3|14|1|15|
11: 5|15|0|5|
12: 16|16|0|0|
13: 16|5|0|0|
14: 16|17|0|0|
15: 0|0|0|0|
