
0: -1|c|i|-1
1: 1|c|i|1
2: CodegenBASIC|p|i|0
3: BASIC TEST File|c|s|BASIC TEST File
4: String printout:  Hello World|c|s|String printout:  Hello World
5: a|v|i|0
6: 2|c|i|2
7: b|v|i|0
8: 3|c|i|3
9: @0|v|i|0
10: @1|v|i|0
11: @2|v|i|0
12: @3|v|i|0
13: @4|v|i|0
14: @5|v|i|0
15: @6|v|i|0
16: a is now|c|s|a is now
17: All done.|c|s|All done.
