
0: -1|c|i|-1
1: 1|c|i|1
2: CodegenBASIC|p|i|0
3: BASIC TEST File|c|s|BASIC TEST File
4: String printout:  Hello World|c|s|String printout:  Hello World
5: a|i|i|16
6: 2|c|i|2
7: b|i|i|3
8: 3|c|i|3
9: @0|v|i|6
10: @1|v|i|12
11: @2|v|i|14
12: @3|v|i|6
13: @4|v|i|3
14: @5|v|i|17
15: @6|v|i|16
16: a is now|c|s|a is now
17: All done.|c|s|All done.
