Robert Denim Horton, 9803, CS4100, SPRING 2022, Compiler IDE used: VSCode
0001 Program mytest;
	PRGRM | 	0015 | 	Program
--> Entering Program
	IDENT | 	0050 | 	mytest
	SMICL | 	0036 | 	;
0002 BEGIN
	BEGIN | 	0011 | 	BEGIN
 --> Entering Block
0003 count := total;  
	IDENT | 	0050 | 	count
  --> Entering Statement
   --> Entering handleAssignment
    --> Entering Variable
	ASIGN | 	0037 | 	:=
    <-- Exiting Variable
	IDENT | 	0050 | 	total
    --> Entering SimpleExpression
     --> Entering Term
      --> Entering Factor
       --> Entering Variable
	SMICL | 	0036 | 	;
       <-- Exiting Variable
      <-- Exiting Factor
     <-- Exiting Term
    <-- Exiting SimpleExpression
   <-- Exiting handleAssignment
  <-- Exiting Statement
0004 a:=b
	IDENT | 	0050 | 	a
  --> Entering Statement
   --> Entering handleAssignment
    --> Entering Variable
	ASIGN | 	0037 | 	:=
    <-- Exiting Variable
	IDENT | 	0050 | 	b
    --> Entering SimpleExpression
     --> Entering Term
      --> Entering Factor
       --> Entering Variable
0005 END.
	END__ | 	0012 | 	END
       <-- Exiting Variable
      <-- Exiting Factor
     <-- Exiting Term
    <-- Exiting SimpleExpression
   <-- Exiting handleAssignment
  <-- Exiting Statement
	PER__ | 	0048 | 	.
 <-- Exiting Block
Success.
<-- Exiting Program
Done.